<?xml version="1.0" encoding="UTF-8"?>
<TestRun id="4514d761-777c-4877-92a7-d67b40f58efe" name="Administrator@PC201303101751 2013-04-15 10:02:57" runUser="PC201303101751\Administrator" xmlns="http://microsoft.com/schemas/VisualStudio/TeamTest/2010">
  <TestSettings name="本地" id="c01c5c29-c5de-4fb5-8960-d83782060d91">
    <Description>这些设置为本地测试运行的默认测试设置。</Description>
    <Deployment enabled="false" runDeploymentRoot="Administrator_PC201303101751 2013-04-15 10_02_57">
      <DeploymentItem filename="E:\VSProject\MyQQ\MyQQ\bin\Debug\MyQQ.exe" />
      <DeploymentItem filename="E:\VSProject\MyQQ\MyQQ\bin\Debug\SideBar.dll" />
    </Deployment>
    <Execution>
      <TestTypeSpecific />
      <AgentRule name="Execution Agents">
      </AgentRule>
    </Execution>
  </TestSettings>
  <Times creation="2013-04-15T10:02:57.4532212+08:00" queuing="2013-04-15T10:03:01.9294772+08:00" start="2013-04-15T10:03:02.3174994+08:00" finish="2013-04-15T10:05:55.9784322+08:00" />
  <ResultSummary outcome="Error">
    <Counters total="2" executed="2" passed="1" error="0" failed="0" timeout="0" aborted="1" inconclusive="0" passedButRunAborted="0" notRunnable="0" notExecuted="0" disconnected="0" warning="0" completed="0" inProgress="0" pending="0" />
    <RunInfos>
      <RunInfo computerName="PC201303101751" outcome="Error" timestamp="2013-04-15T10:05:55.9734319+08:00">
        <Text>测试宿主进程意外退出。</Text>
      </RunInfo>
    </RunInfos>
  </ResultSummary>
  <TestDefinitions>
    <UnitTest name="CountTest" storage="e:\vsproject\myqq\testmyqq\bin\debug\testmyqq.dll" id="d0734733-d5a1-8f31-a432-02844054dcac">
      <Execution id="ae6d1657-0bf0-4fd6-92b2-74e632886cb5" />
      <TestMethod codeBase="E:/VSProject/MyQQ/TestMyQQ/bin/Debug/TestMyQQ.DLL" adapterTypeName="Microsoft.VisualStudio.TestTools.TestTypes.Unit.UnitTestAdapter, Microsoft.VisualStudio.QualityTools.Tips.UnitTest.Adapter, Version=10.0.0.0, Culture=neutral, PublicKeyToken=b03f5f7f11d50a3a" className="TestMyQQ.EntityFrameworkCRUDTest, TestMyQQ, Version=1.0.0.0, Culture=neutral, PublicKeyToken=null" name="CountTest" />
    </UnitTest>
    <UnitTest name="EntityFrameworkCRUDConstructorTest" storage="e:\vsproject\myqq\testmyqq\bin\debug\testmyqq.dll" id="50c6a964-f8ec-1e11-8aa0-a7f17bde8ee5">
      <Execution id="a701f629-14c3-458b-85a6-82a7e5ecb3f9" />
      <TestMethod codeBase="E:/VSProject/MyQQ/TestMyQQ/bin/Debug/TestMyQQ.DLL" adapterTypeName="Microsoft.VisualStudio.TestTools.TestTypes.Unit.UnitTestAdapter, Microsoft.VisualStudio.QualityTools.Tips.UnitTest.Adapter, Version=10.0.0.0, Culture=neutral, PublicKeyToken=b03f5f7f11d50a3a" className="TestMyQQ.EntityFrameworkCRUDTest, TestMyQQ, Version=1.0.0.0, Culture=neutral, PublicKeyToken=null" name="EntityFrameworkCRUDConstructorTest" />
    </UnitTest>
  </TestDefinitions>
  <TestLists>
    <TestList name="列表中未列出的结果" id="8c84fa94-04c1-424b-9868-57a2d4851a1d" />
    <TestList name="所有已加载的结果" id="19431567-8539-422a-85d7-44ee4e166bda" />
  </TestLists>
  <TestEntries>
    <TestEntry testId="50c6a964-f8ec-1e11-8aa0-a7f17bde8ee5" executionId="a701f629-14c3-458b-85a6-82a7e5ecb3f9" testListId="8c84fa94-04c1-424b-9868-57a2d4851a1d" />
    <TestEntry testId="d0734733-d5a1-8f31-a432-02844054dcac" executionId="ae6d1657-0bf0-4fd6-92b2-74e632886cb5" testListId="8c84fa94-04c1-424b-9868-57a2d4851a1d" />
  </TestEntries>
  <Results>
    <UnitTestResult executionId="a701f629-14c3-458b-85a6-82a7e5ecb3f9" testId="50c6a964-f8ec-1e11-8aa0-a7f17bde8ee5" testName="EntityFrameworkCRUDConstructorTest" computerName="PC201303101751" duration="00:00:00.0237782" startTime="2013-04-15T10:03:02.4305058+08:00" endTime="2013-04-15T10:03:07.0027674+08:00" testType="13cdc9d9-ddb5-4fa4-a97d-d965ccfc6d4b" outcome="Passed" testListId="8c84fa94-04c1-424b-9868-57a2d4851a1d" relativeResultsDirectory="a701f629-14c3-458b-85a6-82a7e5ecb3f9">
    </UnitTestResult>
    <UnitTestResult executionId="ae6d1657-0bf0-4fd6-92b2-74e632886cb5" testId="d0734733-d5a1-8f31-a432-02844054dcac" testName="CountTest" computerName="PC201303101751" duration="00:02:48.9106611" startTime="2013-04-15T10:03:07.0677711+08:00" endTime="2013-04-15T10:05:55.9784322+08:00" testType="13cdc9d9-ddb5-4fa4-a97d-d965ccfc6d4b" outcome="Aborted" testListId="8c84fa94-04c1-424b-9868-57a2d4851a1d" relativeResultsDirectory="ae6d1657-0bf0-4fd6-92b2-74e632886cb5">
    </UnitTestResult>
  </Results>
</TestRun>